// Jest Snapshot v1, https://goo.gl/fbAQLP

exports[`the Custom board renders without any unexpected changes 1`] = `
<form
  onSubmit={[Function]}
>
  <div
    className="grid grid-cols-4 gap-1"
  >
    <div
      className="h-24 sm:h-28 w-24 sm:w-28 text-3xl sm:text-4xl flex p-3 border-2 content-center items-center text-center rounded"
    >
      <input
        aria-label="Boggle letter"
        className="w-full font-light text-center focus:outline-none"
        maxLength="1"
        name="letter"
        pattern="[A-Za-z]"
        required={true}
        type="text"
      />
    </div>
    <div
      className="h-24 sm:h-28 w-24 sm:w-28 text-3xl sm:text-4xl flex p-3 border-2 content-center items-center text-center rounded"
    >
      <input
        aria-label="Boggle letter"
        className="w-full font-light text-center focus:outline-none"
        maxLength="1"
        name="letter"
        pattern="[A-Za-z]"
        required={true}
        type="text"
      />
    </div>
    <div
      className="h-24 sm:h-28 w-24 sm:w-28 text-3xl sm:text-4xl flex p-3 border-2 content-center items-center text-center rounded"
    >
      <input
        aria-label="Boggle letter"
        className="w-full font-light text-center focus:outline-none"
        maxLength="1"
        name="letter"
        pattern="[A-Za-z]"
        required={true}
        type="text"
      />
    </div>
    <div
      className="h-24 sm:h-28 w-24 sm:w-28 text-3xl sm:text-4xl flex p-3 border-2 content-center items-center text-center rounded"
    >
      <input
        aria-label="Boggle letter"
        className="w-full font-light text-center focus:outline-none"
        maxLength="1"
        name="letter"
        pattern="[A-Za-z]"
        required={true}
        type="text"
      />
    </div>
    <div
      className="h-24 sm:h-28 w-24 sm:w-28 text-3xl sm:text-4xl flex p-3 border-2 content-center items-center text-center rounded"
    >
      <input
        aria-label="Boggle letter"
        className="w-full font-light text-center focus:outline-none"
        maxLength="1"
        name="letter"
        pattern="[A-Za-z]"
        required={true}
        type="text"
      />
    </div>
    <div
      className="h-24 sm:h-28 w-24 sm:w-28 text-3xl sm:text-4xl flex p-3 border-2 content-center items-center text-center rounded"
    >
      <input
        aria-label="Boggle letter"
        className="w-full font-light text-center focus:outline-none"
        maxLength="1"
        name="letter"
        pattern="[A-Za-z]"
        required={true}
        type="text"
      />
    </div>
    <div
      className="h-24 sm:h-28 w-24 sm:w-28 text-3xl sm:text-4xl flex p-3 border-2 content-center items-center text-center rounded"
    >
      <input
        aria-label="Boggle letter"
        className="w-full font-light text-center focus:outline-none"
        maxLength="1"
        name="letter"
        pattern="[A-Za-z]"
        required={true}
        type="text"
      />
    </div>
    <div
      className="h-24 sm:h-28 w-24 sm:w-28 text-3xl sm:text-4xl flex p-3 border-2 content-center items-center text-center rounded"
    >
      <input
        aria-label="Boggle letter"
        className="w-full font-light text-center focus:outline-none"
        maxLength="1"
        name="letter"
        pattern="[A-Za-z]"
        required={true}
        type="text"
      />
    </div>
    <div
      className="h-24 sm:h-28 w-24 sm:w-28 text-3xl sm:text-4xl flex p-3 border-2 content-center items-center text-center rounded"
    >
      <input
        aria-label="Boggle letter"
        className="w-full font-light text-center focus:outline-none"
        maxLength="1"
        name="letter"
        pattern="[A-Za-z]"
        required={true}
        type="text"
      />
    </div>
    <div
      className="h-24 sm:h-28 w-24 sm:w-28 text-3xl sm:text-4xl flex p-3 border-2 content-center items-center text-center rounded"
    >
      <input
        aria-label="Boggle letter"
        className="w-full font-light text-center focus:outline-none"
        maxLength="1"
        name="letter"
        pattern="[A-Za-z]"
        required={true}
        type="text"
      />
    </div>
    <div
      className="h-24 sm:h-28 w-24 sm:w-28 text-3xl sm:text-4xl flex p-3 border-2 content-center items-center text-center rounded"
    >
      <input
        aria-label="Boggle letter"
        className="w-full font-light text-center focus:outline-none"
        maxLength="1"
        name="letter"
        pattern="[A-Za-z]"
        required={true}
        type="text"
      />
    </div>
    <div
      className="h-24 sm:h-28 w-24 sm:w-28 text-3xl sm:text-4xl flex p-3 border-2 content-center items-center text-center rounded"
    >
      <input
        aria-label="Boggle letter"
        className="w-full font-light text-center focus:outline-none"
        maxLength="1"
        name="letter"
        pattern="[A-Za-z]"
        required={true}
        type="text"
      />
    </div>
    <div
      className="h-24 sm:h-28 w-24 sm:w-28 text-3xl sm:text-4xl flex p-3 border-2 content-center items-center text-center rounded"
    >
      <input
        aria-label="Boggle letter"
        className="w-full font-light text-center focus:outline-none"
        maxLength="1"
        name="letter"
        pattern="[A-Za-z]"
        required={true}
        type="text"
      />
    </div>
    <div
      className="h-24 sm:h-28 w-24 sm:w-28 text-3xl sm:text-4xl flex p-3 border-2 content-center items-center text-center rounded"
    >
      <input
        aria-label="Boggle letter"
        className="w-full font-light text-center focus:outline-none"
        maxLength="1"
        name="letter"
        pattern="[A-Za-z]"
        required={true}
        type="text"
      />
    </div>
    <div
      className="h-24 sm:h-28 w-24 sm:w-28 text-3xl sm:text-4xl flex p-3 border-2 content-center items-center text-center rounded"
    >
      <input
        aria-label="Boggle letter"
        className="w-full font-light text-center focus:outline-none"
        maxLength="1"
        name="letter"
        pattern="[A-Za-z]"
        required={true}
        type="text"
      />
    </div>
    <div
      className="h-24 sm:h-28 w-24 sm:w-28 text-3xl sm:text-4xl flex p-3 border-2 content-center items-center text-center rounded"
    >
      <input
        aria-label="Boggle letter"
        className="w-full font-light text-center focus:outline-none"
        maxLength="1"
        name="letter"
        pattern="[A-Za-z]"
        required={true}
        type="text"
      />
    </div>
  </div>
  <input
    aria-label="Solve the board"
    className="my-3 inline-flex items-center px-6 py-3 border border-transparent text-base font-medium rounded-md shadow-sm text-white bg-emerald-600 hover:bg-emerald-700 focus:outline-none focus:ring-2 focus:ring-offset-2 focus:ring-emerald-500"
    type="submit"
    value="Find all words"
  />
</form>
`;
